File                       | File size      || Sys allocs     | Sys reallocs   || Arena allocs   | Arena reallocs | Arena bytes    
-------------------------------------------------------------------------------------------------------------------------------------------
checker.ts                 | 2.92 MB        ||            361 |             37 ||         152659 |          28244

cal.com.tsx                | 1.06 MB        ||          20266 |             46 ||          37144 |           4583

RadixUIAdoptionSection.jsx | 2.52 kB        ||             34 |              6 ||             30 |              6

pdf.mjs                    | 567.30 kB      ||           4018 |            417 ||          47464 |           7734

antd.js                    | 6.69 MB        ||           7781 |           1657 ||         331671 |          69344

binder.ts                  | 193.08 kB      ||             98 |             23 ||           7075 |            824

